// Jest Snapshot v1, https://goo.gl/fbAQLP

exports[`GTM function should return GTM function without errors 1`] = `
"// google tag manager
    (function(w,d,s,l,i){w[l]=w[l]||[];w[l].push({'gtm.start':
    new Date().getTime(),event:'gtm.js'});var f=d.getElementsByTagName(s)[0],
    j=d.createElement(s),dl=l!='dataLayer'?'&l='+l:'';j.async=true;j.src=
    'https://www.googletagmanager.com/gtm.js?id='+i+dl;f.parentNode.insertBefore(j,f);
    })(window,document,'script','dataLayer', 'GTM-XXXXX');"
`;

exports[`GTM function should return GTM no-script frame without errors 1`] = `"<iframe src=\\"https://www.googletagmanager.com/ns.html?id=GTM-XXXXX\\" height=\\"0\\" width=\\"0\\" style=\\"display:none;visibility:hidden\\"></iframe>"`;
